background,Images\\BlackBackground.png
nonhostile
exit,464,480,468,485,Saves\\Save01\\Maps\\Map0-1.map
customObst,720,432,Images\\Buildings\\WoodWall32.png
customObst,720,400,Images\\Buildings\\WoodWall32.png
customObst,720,368,Images\\Buildings\\WoodWall32.png
customObst,720,336,Images\\Buildings\\WoodWall32.png
customObst,720,304,Images\\Buildings\\WoodWall32.png
customObst,720,272,Images\\Buildings\\WoodWall32.png
customObst,720,240,Images\\Buildings\\WoodWall32.png
customObst,720,208,Images\\Buildings\\WoodWall32.png
customObst,720,176,Images\\Buildings\\WoodWall32.png
customObst,720,464,Images\\Buildings\\WoodWall32.png
customObst,688,464,Images\\Buildings\\WoodWall32.png
customObst,656,464,Images\\Buildings\\WoodWall32.png
customObst,624,464,Images\\Buildings\\WoodWall32.png
customObst,592,464,Images\\Buildings\\WoodWall32.png
customObst,560,464,Images\\Buildings\\WoodWall32.png
customObst,528,464,Images\\Buildings\\WoodWall32.png
customObst,496,464,Images\\Buildings\\WoodWall32.png
customObst,432,464,Images\\Buildings\\WoodWall32.png
customObst,400,464,Images\\Buildings\\WoodWall32.png
customObst,368,464,Images\\Buildings\\WoodWall32.png
customObst,336,464,Images\\Buildings\\WoodWall32.png
customObst,304,464,Images\\Buildings\\WoodWall32.png
customObst,272,464,Images\\Buildings\\WoodWall32.png
customObst,240,464,Images\\Buildings\\WoodWall32.png
customObst,208,464,Images\\Buildings\\WoodWall32.png
customObst,208,432,Images\\Buildings\\WoodWall32.png
customObst,208,400,Images\\Buildings\\WoodWall32.png
customObst,208,368,Images\\Buildings\\WoodWall32.png
customObst,208,336,Images\\Buildings\\WoodWall32.png
customObst,208,304,Images\\Buildings\\WoodWall32.png
customObst,208,272,Images\\Buildings\\WoodWall32.png
customObst,208,240,Images\\Buildings\\WoodWall32.png
customObst,208,208,Images\\Buildings\\WoodWall32.png
customObst,208,176,Images\\Buildings\\WoodWall32.png
customObst,688,176,Images\\Buildings\\WoodWall32.png
customObst,656,176,Images\\Buildings\\WoodWall32.png
customObst,624,176,Images\\Buildings\\WoodWall32.png
customObst,592,176,Images\\Buildings\\WoodWall32.png
customObst,560,176,Images\\Buildings\\WoodWall32.png
customObst,528,176,Images\\Buildings\\WoodWall32.png
customObst,464,176,Images\\Buildings\\WoodWall32.png
customObst,496,176,Images\\Buildings\\WoodWall32.png
customObst,432,176,Images\\Buildings\\WoodWall32.png
customObst,400,176,Images\\Buildings\\WoodWall32.png
customObst,368,176,Images\\Buildings\\WoodWall32.png
customObst,336,176,Images\\Buildings\\WoodWall32.png
customObst,304,176,Images\\Buildings\\WoodWall32.png
customObst,272,176,Images\\Buildings\\WoodWall32.png
customObst,240,176,Images\\Buildings\\WoodWall32.png
customObst,250,210,Images\\TorchTest.gif
under,464,464,Images\\Buildings\\WoodFloor32.png
under,224,336,Images\\Buildings\\WoodFloor256x128.png
under,480,336,Images\\Buildings\\WoodFloor256x128.png
under,224,208,Images\\Buildings\\WoodFloor256x128.png
under,480,208,Images\\Buildings\\WoodFloor256x128.png
neutral,464,240,Shrek,Images\\Characters\\Sherk.png,GET OUT OF MY SWAMP
customObst,500,190,Images\\Buildings\\Fireplace.png