background,Images\\BlackBackground.png
exit,464,465,468,485,Saves\\Save01\\Maps\\Map0-1.map
under,368,368,Images\\Buildings\\WoodFloor32.png
under,368,400,Images\\Buildings\\WoodFloor32.png
under,368,432,Images\\Buildings\\WoodFloor32.png
under,368,336,Images\\Buildings\\WoodFloor32.png
under,464,464,Images\\Buildings\\WoodFloor32.png
under,464,432,Images\\Buildings\\WoodFloor32.png
under,464,400,Images\\Buildings\\WoodFloor32.png
under,464,368,Images\\Buildings\\WoodFloor32.png
under,464,336,Images\\Buildings\\WoodFloor32.png
under,432,432,Images\\Buildings\\WoodFloor32.png
under,432,400,Images\\Buildings\\WoodFloor32.png
under,432,368,Images\\Buildings\\WoodFloor32.png
under,432,336,Images\\Buildings\\WoodFloor32.png
under,400,432,Images\\Buildings\\WoodFloor32.png
under,400,400,Images\\Buildings\\WoodFloor32.png
under,400,368,Images\\Buildings\\WoodFloor32.png
under,400,336,Images\\Buildings\\WoodFloor32.png
under,496,432,Images\\Buildings\\WoodFloor32.png
under,496,400,Images\\Buildings\\WoodFloor32.png
under,496,368,Images\\Buildings\\WoodFloor32.png
under,496,336,Images\\Buildings\\WoodFloor32.png
under,528,432,Images\\Buildings\\WoodFloor32.png
under,528,400,Images\\Buildings\\WoodFloor32.png
under,528,368,Images\\Buildings\\WoodFloor32.png
under,528,336,Images\\Buildings\\WoodFloor32.png
under,550,432,Images\\Buildings\\WoodFloor32.png
under,550,400,Images\\Buildings\\WoodFloor32.png
under,550,368,Images\\Buildings\\WoodFloor32.png
under,550,336,Images\\Buildings\\WoodFloor32.png
nonhostile